
============================================================
🔄 FIRESTORE → KINESIS REAL-TIME SYNC
============================================================
📡 Firebase Project: easlow-e5eef
📂 Firestore Collection: app_usage_logs
🌊 Kinesis Stream: prod-firestore-events
🌍 AWS Region: us-east-1
============================================================
✅ Kinesis stream 'prod-firestore-events' is ACTIVE

🔍 Querying Firestore for most recent document...
🆕 No documents found in collection - will watch from last 24 hours
👂 Starting real-time listener...
   Watching for ADDED, MODIFIED, and REMOVED documents
   Press Ctrl+C to stop

/home/cloud/Videos/uniti-firebase-listener/.venv/lib/python3.11/site-packages/google/cloud/firestore_v1/base_collection.py:304: UserWarning: Detected filter using positional arguments. Prefer using the 'filter' keyword argument instead.
  return query.where(field_path, op_string, value)
   First run: Watching documents from last 24 hours

✅ Listener active! Monitoring Firestore for changes...

➕ NEW: I3DcgZ3Ke2hU6VvZBJNA
   ✅ Sent to Kinesis | Total: 1
